Using project source overlay: /scratch/paulad/real_project/REAL
INFO:    Converting SIF file to temporary sandbox...
1154446:C 07 Oct 08:21:37.001 # oO0OoO0OoO0Oo Redis is starting oO0OoO0OoO0Oo
1154446:C 07 Oct 08:21:37.001 # Redis version=4.0.9, bits=64, commit=00000000, modified=0, pid=1154446, just started
1154446:C 07 Oct 08:21:37.001 # Configuration loaded
[2026-10-07 08:21:38 -0400] [1154469] [INFO] Starting gunicorn 23.0.0
[2026-10-07 08:21:38 -0400] [1154469] [INFO] Listening at: http://127.0.0.1:5000 (1154469)
[2026-10-07 08:21:38 -0400] [1154469] [INFO] Using worker: sync
[2026-10-07 08:21:38 -0400] [1154471] [INFO] Booting worker with pid: 1154471
[2026-10-07 08:21:38 -0400] [1154472] [INFO] Booting worker with pid: 1154472
[2026-10-07 08:21:38 -0400] [1154473] [INFO] Booting worker with pid: 1154473
[2026-10-07 08:21:38 -0400] [1154474] [INFO] Booting worker with pid: 1154474
chmod: changing permissions of '/home/carla/CarlaUE4/Binaries/Linux/CarlaUE4-Linux-Shipping': Read-only file system
sh: 1: xdg-user-dir: not found
4.26.2-0+++UE4+Release-4.26 522 0
Disabling core dumps.
INFO:     Started server process [1154720]
INFO:     Waiting for application startup.
INFO:     Application startup complete.
INFO:     Uvicorn running on http://127.0.0.1:7999 (Press CTRL+C to quit)
INFO:     127.0.0.1:40292 - "GET / HTTP/1.1" 200 OK
API ready after 15 s
[grid] scenario 1/4: A { pedestrian : Adult } wearing a {dress : Light} dress trying to cross road from { direction : LR } at { distance : Short } distance on a day with fog density {fog_density : 0}
[31m[1mrequirements:[0m Ultralytics requirements ['pillow>=10.3.0', 'seaborn>=0.11.0', 'setuptools>=70.0.0'] not found, attempting AutoUpdate...
WARNING ⚠️ Retry 1/2 failed: Command '['/usr/bin/python3.8', '-m', 'pip', 'install', '--no-cache-dir', 'pillow>=10.3.0', 'seaborn>=0.11.0', 'setuptools>=70.0.0']' returned non-zero exit status 1.
WARNING ⚠️ Retry 2/2 failed: Command '['/usr/bin/python3.8', '-m', 'pip', 'install', '--no-cache-dir', 'pillow>=10.3.0', 'seaborn>=0.11.0', 'setuptools>=70.0.0']' returned non-zero exit status 1.
WARNING ⚠️ [31m[1mrequirements:[0m ❌ Command '['/usr/bin/python3.8', '-m', 'pip', 'install', '--no-cache-dir', 'pillow>=10.3.0', 'seaborn>=0.11.0', 'setuptools>=70.0.0']' returned non-zero exit status 1.
Defaulting to user installation because normal site-packages is not writeable
ERROR: Could not install packages due to an OSError: Could not find a suitable TLS CA certificate bundle, invalid path: /etc/pki/tls/certs/ca-bundle.crt

WARNING: There was an error checking the latest version of pip.

YOLOv5 🚀 2026-9-21 Python-3.8.0 torch-2.4.1+cu121 CUDA:0 (NVIDIA A100-SXM4-40GB, 40440MiB)

Fusing layers... 
YOLOv5s summary: 124 layers, 7,225,885 parameters, 0 gradients, 16.4 GFLOPs
Adding AutoShape... 
Using cache found in /opt/torch_cache/hub/ultralytics_yolov5_master
  0%|          | 0/1 [00:00<?, ?it/s]100%|██████████| 1/1 [00:13<00:00, 13.18s/it]100%|██████████| 1/1 [00:13<00:00, 13.18s/it]2026/10/07 08:24:57 WARNING mlflow.utils.validation: Param value '# SET SCENARIO PARAMETERS AND MODEL 
import carla
import logging
import time
import os
import sys
im...' (8513 characters) is truncated to 6000 characters to meet the length limit.

2026/10/07 08:24:57 INFO mlflow.tracking._tracking_service.client: 🏃 View run industrious-mole-865 at: http://127.0.0.1:5000/#/experiments/0/runs/7b4155ab9c244068bdd606b004619e66.
2026/10/07 08:24:57 INFO mlflow.tracking._tracking_service.client: 🧪 View experiment at: http://127.0.0.1:5000/#/experiments/0.
[grid] scenario 2/4: A { pedestrian : Adult } wearing a {dress : Light} dress trying to cross road from { direction : RL } at { distance : Short } distance on a day with fog density {fog_density : 0}
[31m[1mrequirements:[0m Ultralytics requirements ['pillow>=10.3.0', 'seaborn>=0.11.0', 'setuptools>=70.0.0'] not found, attempting AutoUpdate...
WARNING ⚠️ Retry 1/2 failed: Command '['/usr/bin/python3.8', '-m', 'pip', 'install', '--no-cache-dir', 'pillow>=10.3.0', 'seaborn>=0.11.0', 'setuptools>=70.0.0']' returned non-zero exit status 1.
WARNING ⚠️ Retry 2/2 failed: Command '['/usr/bin/python3.8', '-m', 'pip', 'install', '--no-cache-dir', 'pillow>=10.3.0', 'seaborn>=0.11.0', 'setuptools>=70.0.0']' returned non-zero exit status 1.
WARNING ⚠️ [31m[1mrequirements:[0m ❌ Command '['/usr/bin/python3.8', '-m', 'pip', 'install', '--no-cache-dir', 'pillow>=10.3.0', 'seaborn>=0.11.0', 'setuptools>=70.0.0']' returned non-zero exit status 1.
Defaulting to user installation because normal site-packages is not writeable
ERROR: Could not install packages due to an OSError: Could not find a suitable TLS CA certificate bundle, invalid path: /etc/pki/tls/certs/ca-bundle.crt

WARNING: There was an error checking the latest version of pip.

YOLOv5 🚀 2026-9-21 Python-3.8.0 torch-2.4.1+cu121 CUDA:0 (NVIDIA A100-SXM4-40GB, 40440MiB)

Fusing layers... 
YOLOv5s summary: 124 layers, 7,225,885 parameters, 0 gradients, 16.4 GFLOPs
Adding AutoShape... 
Using cache found in /opt/torch_cache/hub/ultralytics_yolov5_master
  0%|          | 0/1 [00:00<?, ?it/s]100%|██████████| 1/1 [00:14<00:00, 14.73s/it]100%|██████████| 1/1 [00:14<00:00, 14.74s/it]2026/10/07 08:27:30 WARNING mlflow.utils.validation: Param value '# SET SCENARIO PARAMETERS AND MODEL 
import carla
import logging
import time
import os
import sys
im...' (8511 characters) is truncated to 6000 characters to meet the length limit.

2026/10/07 08:27:30 INFO mlflow.tracking._tracking_service.client: 🏃 View run serious-finch-337 at: http://127.0.0.1:5000/#/experiments/715733938054195872/runs/9401ee0f46ec40528d091947425cfd22.
2026/10/07 08:27:30 INFO mlflow.tracking._tracking_service.client: 🧪 View experiment at: http://127.0.0.1:5000/#/experiments/715733938054195872.
[grid] scenario 3/4: A { pedestrian : Adult } wearing a {dress : Light} dress trying to cross road from { direction : LR } at { distance : Long } distance on a day with fog density {fog_density : 0}
[31m[1mrequirements:[0m Ultralytics requirements ['pillow>=10.3.0', 'seaborn>=0.11.0', 'setuptools>=70.0.0'] not found, attempting AutoUpdate...
WARNING ⚠️ Retry 1/2 failed: Command '['/usr/bin/python3.8', '-m', 'pip', 'install', '--no-cache-dir', 'pillow>=10.3.0', 'seaborn>=0.11.0', 'setuptools>=70.0.0']' returned non-zero exit status 1.
WARNING ⚠️ Retry 2/2 failed: Command '['/usr/bin/python3.8', '-m', 'pip', 'install', '--no-cache-dir', 'pillow>=10.3.0', 'seaborn>=0.11.0', 'setuptools>=70.0.0']' returned non-zero exit status 1.
WARNING ⚠️ [31m[1mrequirements:[0m ❌ Command '['/usr/bin/python3.8', '-m', 'pip', 'install', '--no-cache-dir', 'pillow>=10.3.0', 'seaborn>=0.11.0', 'setuptools>=70.0.0']' returned non-zero exit status 1.
Defaulting to user installation because normal site-packages is not writeable
ERROR: Could not install packages due to an OSError: Could not find a suitable TLS CA certificate bundle, invalid path: /etc/pki/tls/certs/ca-bundle.crt

WARNING: There was an error checking the latest version of pip.

YOLOv5 🚀 2026-9-21 Python-3.8.0 torch-2.4.1+cu121 CUDA:0 (NVIDIA A100-SXM4-40GB, 40440MiB)

Fusing layers... 
YOLOv5s summary: 124 layers, 7,225,885 parameters, 0 gradients, 16.4 GFLOPs
Adding AutoShape... 
Using cache found in /opt/torch_cache/hub/ultralytics_yolov5_master
  0%|          | 0/1 [00:00<?, ?it/s]100%|██████████| 1/1 [00:14<00:00, 14.25s/it]100%|██████████| 1/1 [00:14<00:00, 14.25s/it]2026/10/07 08:30:01 WARNING mlflow.utils.validation: Param value '# SET SCENARIO PARAMETERS AND MODEL 
import carla
import logging
import time
import os
import sys
im...' (8513 characters) is truncated to 6000 characters to meet the length limit.

2026/10/07 08:30:01 INFO mlflow.tracking._tracking_service.client: 🏃 View run gregarious-midge-672 at: http://127.0.0.1:5000/#/experiments/715733938054195872/runs/5e8df68c361f4ccc88648fab8f07577d.
2026/10/07 08:30:01 INFO mlflow.tracking._tracking_service.client: 🧪 View experiment at: http://127.0.0.1:5000/#/experiments/715733938054195872.
[grid] scenario 4/4: A { pedestrian : Adult } wearing a {dress : Light} dress trying to cross road from { direction : RL } at { distance : Long } distance on a day with fog density {fog_density : 0}
[31m[1mrequirements:[0m Ultralytics requirements ['pillow>=10.3.0', 'seaborn>=0.11.0', 'setuptools>=70.0.0'] not found, attempting AutoUpdate...
WARNING ⚠️ Retry 1/2 failed: Command '['/usr/bin/python3.8', '-m', 'pip', 'install', '--no-cache-dir', 'pillow>=10.3.0', 'seaborn>=0.11.0', 'setuptools>=70.0.0']' returned non-zero exit status 1.
WARNING ⚠️ Retry 2/2 failed: Command '['/usr/bin/python3.8', '-m', 'pip', 'install', '--no-cache-dir', 'pillow>=10.3.0', 'seaborn>=0.11.0', 'setuptools>=70.0.0']' returned non-zero exit status 1.
WARNING ⚠️ [31m[1mrequirements:[0m ❌ Command '['/usr/bin/python3.8', '-m', 'pip', 'install', '--no-cache-dir', 'pillow>=10.3.0', 'seaborn>=0.11.0', 'setuptools>=70.0.0']' returned non-zero exit status 1.
Defaulting to user installation because normal site-packages is not writeable
ERROR: Could not install packages due to an OSError: Could not find a suitable TLS CA certificate bundle, invalid path: /etc/pki/tls/certs/ca-bundle.crt

WARNING: There was an error checking the latest version of pip.

YOLOv5 🚀 2026-9-21 Python-3.8.0 torch-2.4.1+cu121 CUDA:0 (NVIDIA A100-SXM4-40GB, 40440MiB)

Fusing layers... 
YOLOv5s summary: 124 layers, 7,225,885 parameters, 0 gradients, 16.4 GFLOPs
Adding AutoShape... 
Using cache found in /opt/torch_cache/hub/ultralytics_yolov5_master
  0%|          | 0/1 [00:00<?, ?it/s]100%|██████████| 1/1 [00:14<00:00, 14.25s/it]100%|██████████| 1/1 [00:14<00:00, 14.25s/it]2026/10/07 08:32:33 WARNING mlflow.utils.validation: Param value '# SET SCENARIO PARAMETERS AND MODEL 
import carla
import logging
import time
import os
import sys
im...' (8511 characters) is truncated to 6000 characters to meet the length limit.

2026/10/07 08:32:33 INFO mlflow.tracking._tracking_service.client: 🏃 View run aged-steed-990 at: http://127.0.0.1:5000/#/experiments/715733938054195872/runs/641ab9a08b2a44fb97d7fbd79b4a00e4.
2026/10/07 08:32:33 INFO mlflow.tracking._tracking_service.client: 🧪 View experiment at: http://127.0.0.1:5000/#/experiments/715733938054195872.
[31m[1mrequirements:[0m Ultralytics requirements ['pillow>=10.3.0', 'seaborn>=0.11.0', 'setuptools>=70.0.0'] not found, attempting AutoUpdate...
WARNING ⚠️ Retry 1/2 failed: Command '['/usr/bin/python3.8', '-m', 'pip', 'install', '--no-cache-dir', 'pillow>=10.3.0', 'seaborn>=0.11.0', 'setuptools>=70.0.0']' returned non-zero exit status 1.
WARNING ⚠️ Retry 2/2 failed: Command '['/usr/bin/python3.8', '-m', 'pip', 'install', '--no-cache-dir', 'pillow>=10.3.0', 'seaborn>=0.11.0', 'setuptools>=70.0.0']' returned non-zero exit status 1.
WARNING ⚠️ [31m[1mrequirements:[0m ❌ Command '['/usr/bin/python3.8', '-m', 'pip', 'install', '--no-cache-dir', 'pillow>=10.3.0', 'seaborn>=0.11.0', 'setuptools>=70.0.0']' returned non-zero exit status 1.
Defaulting to user installation because normal site-packages is not writeable
ERROR: Could not install packages due to an OSError: Could not find a suitable TLS CA certificate bundle, invalid path: /etc/pki/tls/certs/ca-bundle.crt

WARNING: There was an error checking the latest version of pip.

YOLOv5 🚀 2026-9-21 Python-3.8.0 torch-2.4.1+cu121 CUDA:0 (NVIDIA A100-SXM4-40GB, 40440MiB)

Fusing layers... 
YOLOv5s summary: 124 layers, 7,225,885 parameters, 0 gradients, 16.4 GFLOPs
Adding AutoShape... 
Using cache found in /opt/torch_cache/hub/ultralytics_yolov5_master
  0%|          | 0/1 [00:00<?, ?it/s]100%|██████████| 1/1 [00:17<00:00, 17.27s/it]100%|██████████| 1/1 [00:17<00:00, 17.27s/it]INFO:     127.0.0.1:40294 - "GET /run_grid?requirement=%23+R_baseline+-+the+baseline+requirement+from+run+2b+on+%28roadmap+M1.7%2C+agreed%0A%23+with+the+supervisor+2026-10-01%29%3A+the+same+car+as+rounds+1-2+%28R0_rounds1_2.dsl%29%0A%23+plus+BOTH+slots+the+paper%27s+D%2C+S+%7C%3D+R+needs%3A%0A%23+++assuming++-+the+baseline+domain+assumptions+D0+%28docs%2Fdesign%2Fdomain_assumptions.md%29%2C%0A%23+++++++++++++++loose+on+purpose%3A+the+whole+grid+and+ordinary+walking.%0A%23+++++++++++++++Checked+per+simulation+after+the+run%2C+never+imposed+on+the+simulator.%0A%23+++ensuring++-+the+baseline+soft+goals+E0%3A+the+car+moves+on+again+within+10+s+of%0A%23+++++++++++++++stopping+%28checked+from+scene+v2+on%29%3B+smoothness+stays+text+until+a%0A%23+++++++++++++++jerk+threshold+is+chosen+%28peak_jerk_mps3+is+measured%29.%0A%23+Runs+before+scene+v2+lack+pedestrian+speed+and+the+soft-goal+measures%3A%0A%23+those+are+reported+as+not+measured.%0AMAINTAIN+%22Pedestrian+Safety%22%0A++++by%0A++++++++%22Pedestrian+Check%22+using+%22Perception+Module%22%0A++++++++++++operationalized+as%0A++++++++++++++++%22Detect+Pedestrian%22+performed+by+%22yolov5s%22%0A++++++++++++++++taking+input+%22image%22+producing+output+%22pedestrian+detection+confidence%22+%26+%22pedestrian+detection+flag%22%0A++++followed+by%0A++++++++%22braking%22+using+%22braking+module%22%0A++++++++++++operationalized+as%0A++++++++++++++++%22Bring+down+throttle%22+%26+%22Apply+Brakes%22+if+%22pedestrian+detection+flag%3DTrue%22+performed+by+%22proportional_braking%22%0A++++++++++++++++taking+input+%22pedestrian+detection+flag%22+producing+output+%22Braking+Status+Flag%22%0A++++in+scenario+where%0A++++++++%22A+pedestrian+trying+to+cross+the+street+in+fog.%22%0A++++assuming+%22fog_density+%3C%3D+50%22+%26+%22initial_separation_m+%3E%3D+15%22+%26+%22pedestrian_speed_mps+%3C%3D+3%22+%26+%22daylight%2C+dry+road%22+%26+%22pedestrian+on+foot%22%0A++++ensuring+%22resume_within_s+%3C%3D+10%22+%26+%22braking+is+smooth+unless+an+emergency+stop+is+needed%22%0A&record_video=True&requirement_source=docs%2Fexamples%2FR_baseline.dsl&scenario_file=infra%2Fhpc%2Fsmoke_scenarios.txt&trials=1 HTTP/1.1" 200 OK
[smoke_test] run_grid with {'record_video': True, 'requirement_source': 'docs/examples/R_baseline.dsl', 'scenario_file': 'infra/hpc/smoke_scenarios.txt', 'trials': 1}
{'run_id': 'a9bd6134ab3c40d885039341d7f59f6c', 'n_scenarios': 4, 'worst_phenotype': 'A { pedestrian : Adult } wearing a {dress : Light} dress trying to cross road from { direction : LR } at { distance : Short } distance on a day with fog density {fog_density : 0}', 'system_under_test': {'braking_module': 'proportional_braking', 'braking_mode': 'proportional_braking', 'perception_module': 'yolov5s'}, 'STATUS': 'OK'}
INFO:    Cleaning up image...

INFO:     Shutting down
INFO:     Waiting for application shutdown.
INFO:     Application shutdown complete.
INFO:     Finished server process [1154720]
